// Jest Snapshot v1, https://goo.gl/fbAQLP

exports[`DosingInstruction should render properly 1`] = `
<div>
  <span>
    22/01/2020 to 07/02/2020
  </span>
  <br />
  <DosageTiming
    dosage={
      Object {
        "sequence": 1,
        "text": "22/01/2020 to 07/02/2020",
        "timing": Object {
          "event": Array [
            "22/1/2019",
          ],
        },
      }
    }
  />
  <ul
    className="instruction-list-item"
  >
    <DosingInstructionForPatient
      dosage={
        Object {
          "sequence": 1,
          "text": "22/01/2020 to 07/02/2020",
          "timing": Object {
            "event": Array [
              "22/1/2019",
            ],
          },
        }
      }
    />
    <DosingInstructionAsNeeded
      dosage={
        Object {
          "sequence": 1,
          "text": "22/01/2020 to 07/02/2020",
          "timing": Object {
            "event": Array [
              "22/1/2019",
            ],
          },
        }
      }
    />
  </ul>
</div>
`;
