// Jest Snapshot v1, https://goo.gl/fbAQLP

exports[`DischargeSummary should render properly 1`] = `
<WithStyles(ForwardRef(Grid))
  className="makeStyles-container-1"
  container={true}
  justify="space-between"
>
  <WithStyles(ForwardRef(Grid))
    item={true}
  >
    <WithStyles(ForwardRef(Typography))
      className="makeStyles-title-2"
      color="inherit"
      variant="h6"
    >
      Document:
       
      Discharge Summary
    </WithStyles(ForwardRef(Typography))>
  </WithStyles(ForwardRef(Grid))>
  <WithStyles(ForwardRef(Grid))
    className="makeStyles-description-3"
    item={true}
  >
    <span
      className="makeStyles-period-5"
    >
      Admitted from
      01/04/2018
       
      to
      10/04/2018
    </span>
    <div>
      <span
        className="makeStyles-label-4"
      >
        Authors: 
      </span>
      abc, xyz
    </div>
    <div>
      <span
        className="makeStyles-label-4"
      >
        Status: 
      </span>
      FINAL
    </div>
  </WithStyles(ForwardRef(Grid))>
</WithStyles(ForwardRef(Grid))>
`;
