// Jest Snapshot v1, https://goo.gl/fbAQLP

exports[`Header should render properly  1`] = `
"<Styled(MuiBox) className=\\"makeStyles-header-1\\" boxShadow={3}>
  <a href=\\"/\\" className=\\"makeStyles-logo-2\\">
    logo
  </a>
  <WithStyles(ForwardRef(Button)) variant=\\"contained\\" color=\\"primary\\" className=\\"makeStyles-logout-3\\" onClick={[Function: logout]}>
    Logout
  </WithStyles(ForwardRef(Button))>
</Styled(MuiBox)>"
`;
