// Jest Snapshot v1, https://goo.gl/fbAQLP

exports[`Request Access should render properly  1`] = `
"<styled.div>
  <h2>
    Consent request form
  </h2>
  <form>
    <span className=\\"label\\">
      All the fields are mandatory.
    </span>
    <WithStyles(ForwardRef(Grid)) container={true} spacing={3} alignItems=\\"center\\">
      <WithStyles(ForwardRef(Grid)) item={true} xs={2}>
        <WithStyles(ForwardRef(InputLabel)) className=\\"text-field-label\\">
          Patient Identifier
        </WithStyles(ForwardRef(InputLabel))>
      </WithStyles(ForwardRef(Grid))>
      <WithStyles(ForwardRef(Grid)) item={true} xs={5}>
        <Connect(SearchPatient) success={false} error={false} />
      </WithStyles(ForwardRef(Grid))>
    </WithStyles(ForwardRef(Grid))>
    <WithStyles(ForwardRef(Grid)) container={true} spacing={3} alignItems=\\"center\\">
      <WithStyles(ForwardRef(Grid)) item={true} xs={2}>
        <WithStyles(ForwardRef(InputLabel)) className=\\"text-field-label\\">
          Purpose of request
        </WithStyles(ForwardRef(InputLabel))>
      </WithStyles(ForwardRef(Grid))>
      <WithStyles(ForwardRef(Grid)) item={true} xs={2}>
        <SimpleMenu menuItems={{...}} handleChange={[Function: handlePurposeSelection]} selectedValue=\\"ReferralService\\" />
      </WithStyles(ForwardRef(Grid))>
    </WithStyles(ForwardRef(Grid))>
    <WithStyles(ForwardRef(Grid)) container={true} spacing={3} alignItems=\\"center\\">
      <WithStyles(ForwardRef(Grid)) item={true} xs={2}>
        <WithStyles(ForwardRef(InputLabel)) className=\\"text-field-label\\">
           Request from 
        </WithStyles(ForwardRef(InputLabel))>
      </WithStyles(ForwardRef(Grid))>
      <WithStyles(ForwardRef(Grid)) item={true} xs={2}>
        <DatePicker disableFuture={true} handleDateChange={[Function: handleStarteDateChange]} selectedDate={[undefined]} minDate={{...}} />
      </WithStyles(ForwardRef(Grid))>
    </WithStyles(ForwardRef(Grid))>
    <WithStyles(ForwardRef(Grid)) container={true} spacing={3} alignItems=\\"center\\">
      <WithStyles(ForwardRef(Grid)) item={true} xs={2}>
        <WithStyles(ForwardRef(InputLabel)) className=\\"text-field-label\\">
           Request to 
        </WithStyles(ForwardRef(InputLabel))>
      </WithStyles(ForwardRef(Grid))>
      <WithStyles(ForwardRef(Grid)) item={true} xs={2}>
        <DatePicker disableFuture={true} minDate={{...}} handleDateChange={[Function: handleEndDateChange]} selectedDate={[undefined]} />
      </WithStyles(ForwardRef(Grid))>
    </WithStyles(ForwardRef(Grid))>
    <WithStyles(ForwardRef(Grid)) container={true} spacing={3} alignItems=\\"center\\">
      <WithStyles(ForwardRef(Grid)) item={true} xs={2}>
        <WithStyles(ForwardRef(InputLabel)) className=\\"text-field-label\\">
           Request type 
        </WithStyles(ForwardRef(InputLabel))>
      </WithStyles(ForwardRef(Grid))>
      <WithStyles(ForwardRef(Grid)) item={true} xs={10}>
        <RequestType requestTypes={{...}} handleChange={[Function: handlePITypeChange]} />
      </WithStyles(ForwardRef(Grid))>
    </WithStyles(ForwardRef(Grid))>
    <WithStyles(ForwardRef(Grid)) container={true} spacing={3} alignItems=\\"center\\">
      <WithStyles(ForwardRef(Grid)) item={true} xs={2}>
        <WithStyles(ForwardRef(InputLabel)) className=\\"text-field-label\\">
          Consent Expiry
        </WithStyles(ForwardRef(InputLabel))>
      </WithStyles(ForwardRef(Grid))>
      <WithStyles(ForwardRef(Grid)) item={true} xs={3}>
        <DateTimePicker handleDateChange={[Function: handleExpiryDateChange]} selectedDate={[undefined]} disablePast=\\"true\\" disableFuture={false} minDate={{...}} />
      </WithStyles(ForwardRef(Grid))>
    </WithStyles(ForwardRef(Grid))>
    <WithStyles(ForwardRef(Grid)) container={true} spacing={3} alignItems=\\"center\\">
      <WithStyles(ForwardRef(Button)) className=\\"create-consent-button\\" variant=\\"contained\\" color=\\"primary\\" onClick={[Function: onClick]}>
        Request Consent
      </WithStyles(ForwardRef(Button))>
    </WithStyles(ForwardRef(Grid))>
  </form>
</styled.div>"
`;
