// Jest Snapshot v1, https://goo.gl/fbAQLP

exports[`Landing Page should render properly 1`] = `
"<div>
  <WithStyles(ForwardRef(Snackbar)) anchorOrigin={{...}} open={false} autoHideDuration={4000} onClose={[Function: handleSnackBarClose]} message=\\"Consent request initiated!\\" />
  <Header />
  <WithStyles(ForwardRef(Button)) className=\\"makeStyles-button-2\\" type=\\"button\\" variant=\\"contained\\" onClick={[Function: handleOpen]} color=\\"primary\\">
    New Consent Request
  </WithStyles(ForwardRef(Button))>
  <ForwardRef(Modal) open={false} onClose={[Function: handleClose]}>
    <div style={{...}} className=\\"makeStyles-paper-1\\">
      <WithStyles(ForwardRef(IconButton)) aria-label=\\"close\\" onClick={[Function: handleClose]} className=\\"makeStyles-closeButton-3\\">
        <CancelIcon />
      </WithStyles(ForwardRef(IconButton))>
      <Connect(RequestAccess) />
    </div>
  </ForwardRef(Modal)>
  <Connect(ConsentsListTable) />
</div>"
`;
